<html>
<body>
<pre>
<h1>µVision Build Log</h1>
<h2>Tool Versions:</h2>
IDE-Version: ¦ÌVision V5.14.0.0
Copyright (C) 2015 ARM Ltd and ARM Germany GmbH. All rights reserved.
License Information: maio maohuaizhi, 666, LIC=JL28G-V251A-2ZBW4-FZ1CN-J4CU1-SVSPH
 
Tool Versions:
Toolchain:       MDK-ARM Standard  Version: 5.14.0.0
Toolchain Path:  E:\Keil_v5\ARM\ARMCC\Bin
C Compiler:      Armcc.exe V5.05 update 1 (build 106)
Assembler:       Armasm.exe V5.05 update 1 (build 106)
Linker/Locator:  ArmLink.exe V5.05 update 1 (build 106)
Library Manager: ArmAr.exe V5.05 update 1 (build 106)
Hex Converter:   FromElf.exe V5.05 update 1 (build 106)
CPU DLL:         SARMCM3.DLL V5.14.0.0
Dialog DLL:      DCM.DLL V1.13.1.0
Target DLL:      CMSIS_AGDI.dll V1.21.0.0
Dialog DLL:      TCM.DLL V1.14.4.0
 
<h2>Project:</h2>
E:\2607uav\F407_fc\MDK-ARM\F407_fc.uvprojx
Project File Date:  08/17/2026

<h2>Output:</h2>
Rebuild target 'F407_fc'
assembling startup_stm32f407xx.s...
compiling main.c...
compiling stm32f4xx_it.c...
compiling stm32f4xx_hal_msp.c...
compiling stm32f4xx_hal_i2c.c...
compiling stm32f4xx_hal_i2c_ex.c...
compiling stm32f4xx_hal_rcc.c...
compiling stm32f4xx_hal_rcc_ex.c...
compiling stm32f4xx_hal_flash.c...
compiling stm32f4xx_hal_flash_ex.c...
compiling stm32f4xx_hal_flash_ramfunc.c...
compiling stm32f4xx_hal_gpio.c...
compiling stm32f4xx_hal_dma_ex.c...
compiling stm32f4xx_hal_dma.c...
compiling stm32f4xx_hal_pwr.c...
compiling stm32f4xx_hal_pwr_ex.c...
compiling stm32f4xx_hal_cortex.c...
compiling stm32f4xx_hal.c...
compiling stm32f4xx_hal_exti.c...
compiling stm32f4xx_hal_tim.c...
compiling stm32f4xx_hal_tim_ex.c...
compiling stm32f4xx_hal_uart.c...
compiling system_stm32f4xx.c...
compiling app_command_mux.c...
compiling app_flight.c...
compiling app_main.c...
compiling app_safety.c...
compiling app_scheduler.c...
compiling bsp_battery_adc.c...
compiling bsp_buzzer.c...
compiling bsp_debug_uart.c...
compiling bsp_esc_pwm.c...
compiling bsp_esp_uart.c...
compiling bsp_led.c...
compiling bsp_soft_i2c.c...
compiling fc_link_protocol.c...
compiling fc_link_service.c...
compiling ctl_altitude.c...
compiling ctl_attitude.c...
compiling ctl_mixer.c...
compiling ctl_pid.c...
compiling ctl_rate.c...
compiling ctl_rc_map.c...
compiling est_altitude.c...
compiling est_attitude.c...
compiling drv_ibus.c...
compiling drv_bmi088.c...
compiling drv_bmp388.c...
compiling drv_mmc5983ma.c...
linking...
Program Size: Code=45788 RO-data=916 RW-data=216 ZI-data=12592  
FromELF: creating hex file...
"F407_fc\F407_fc.axf" - 0 Error(s), 0 Warning(s).

<h2>Software Packages used:</h2>

Package Vendor: ARM
                http://www.keil.com/pack/ARM.CMSIS.4.2.0.pack
                ARM::CMSIS:CORE:3.40.0
                CMSIS (Cortex Microcontroller Software Interface Standard)
   * Component: CORE Version: 3.40.0

<h2>Collection of Component include folders:</h2>
  E:\2607uav\F407_fc\MDK-ARM\RTE
  E:\Keil_v5\ARM\PACK\ARM\CMSIS\4.2.0\CMSIS\Include
  E:\Keil_v5\ARM\PACK\Keil\STM32F4xx_DFP\1.0.8\Device\Include

<h2>Collection of Component Files used:</h2>

   * Component: ARM::CMSIS:CORE:3.40.0
      Source file:   CMSIS\UserCodeTemplates\ARM\ITM_Retarget.c
</pre>
</body>
</html>
